// Jest Snapshot v1, https://goo.gl/fbAQLP

exports[`should match previous snapshot 1`] = `
<form>
  <div
    className="form-group"
  >
    <label
      htmlFor="firstName"
    >
      Nome
    </label>
    <input
      className="form-control"
      id="firstName"
      name="firstName"
      onChange={[Function]}
      placeholder="Indica un nome..."
      value="Ciccio"
    />
  </div>
  <div
    className="form-group"
  >
    <label
      htmlFor="lastName"
    >
      Cognome
    </label>
    <input
      className="form-control"
      id="lastName"
      name="lastName"
      onChange={[Function]}
      placeholder="Indica un cognome..."
      value="Pasticcio"
    />
  </div>
  <div
    className="form-group"
  >
    <label
      htmlFor="preferred-role"
    >
      Ruolo preferito
    </label>
    <div
      className="Select has-value is-searchable Select--single"
      style={undefined}
    >
      <input
        disabled={false}
        name="prefrole"
        type="hidden"
        value="D"
      />
      <div
        className="Select-control"
        onKeyDown={[Function]}
        onMouseDown={[Function]}
        onTouchEnd={[Function]}
        onTouchMove={[Function]}
        onTouchStart={[Function]}
        style={undefined}
      >
        <span
          className="Select-multi-value-wrapper"
          id="react-select-2--value"
        >
          <div
            className="Select-value"
            style={undefined}
            title={undefined}
          >
            <span
              aria-selected="true"
              className="Select-value-label"
              id="react-select-2--value-item"
              role="option"
            >
              Difensore
            </span>
          </div>
          <div
            className="Select-input"
            style={
              Object {
                "display": "inline-block",
              }
            }
          >
            <input
              aria-activedescendant="react-select-2--value"
              aria-describedby={undefined}
              aria-expanded="false"
              aria-haspopup="false"
              aria-label={undefined}
              aria-labelledby={undefined}
              aria-owns=""
              className={undefined}
              id="preferred-role"
              onBlur={[Function]}
              onChange={[Function]}
              onFocus={[Function]}
              required={false}
              role="combobox"
              style={
                Object {
                  "boxSizing": "content-box",
                  "width": "5px",
                }
              }
              tabIndex={undefined}
              value=""
            />
            <div
              style={
                Object {
                  "height": 0,
                  "left": 0,
                  "overflow": "scroll",
                  "position": "absolute",
                  "top": 0,
                  "visibility": "hidden",
                  "whiteSpace": "pre",
                }
              }
            >
              
            </div>
          </div>
        </span>
        <span
          className="Select-arrow-zone"
          onMouseDown={[Function]}
        >
          <span
            className="Select-arrow"
            onMouseDown={[Function]}
          />
        </span>
      </div>
    </div>
  </div>
  <div
    className="form-group"
  >
    <label
      htmlFor="versatile"
    >
      Versatile
    </label>
    <input
      checked={false}
      id="versatile"
      name="versatile"
      onChange={[Function]}
      type="checkbox"
    />
  </div>
  <div
    className="form-submit"
  >
    <button
      className="btn btn-primary"
      onClick={[Function]}
      type="submit"
    >
      Salva
    </button>
  </div>
</form>
`;
